./sources/sys/peripheral/io_cfg.c:85:6:usart1_put_char	8	static
./sources/sys/peripheral/io_cfg.c:16:6:led_life_init	16	static
./sources/sys/peripheral/io_cfg.c:28:6:led_life_on	0	static
./sources/sys/peripheral/io_cfg.c:32:6:led_life_off	0	static
./sources/sys/peripheral/io_cfg.c:39:6:usart1_init	48	static
./sources/sys/peripheral/io_cfg.c:96:9:usart1_get_char	16	static
./sources/sys/peripheral/io_cfg.c:108:6:spi1_init	40	static
./sources/sys/peripheral/io_cfg.c:146:9:spi1_transfer	16	static
./sources/sys/peripheral/io_cfg.c:162:6:spi1_write_byte	16	static
./sources/sys/peripheral/io_cfg.c:177:6:spi2_init	40	static
./sources/sys/peripheral/io_cfg.c:215:9:spi2_transfer	16	static
./sources/sys/peripheral/io_cfg.c:234:6:nrf24_io_ctrl_init	40	static
./sources/sys/peripheral/io_cfg.c:284:6:nrf24l01_ce_low	0	static
./sources/sys/peripheral/io_cfg.c:288:6:nrf24l01_ce_high	0	static
./sources/sys/peripheral/io_cfg.c:292:6:nrf24l01_csn_low	0	static
./sources/sys/peripheral/io_cfg.c:296:6:nrf24l01_csn_high	0	static
./sources/sys/peripheral/io_cfg.c:303:6:flash_cs_init	16	static
./sources/sys/peripheral/io_cfg.c:318:6:flash_cs_low	0	static
./sources/sys/peripheral/io_cfg.c:322:6:flash_cs_high	0	static
./sources/sys/peripheral/io_cfg.c:326:6:io_init	8	static
