./sources/lite-thread/src/lt_message.c:61:11:get_pure_msg	16	static
./sources/lite-thread/src/lt_message.c:82:6:free_pure_msg	8	static
./sources/lite-thread/src/lt_message.c:95:9:get_pure_msg_free	0	static
./sources/lite-thread/src/lt_message.c:123:11:get_common_msg	16	static
./sources/lite-thread/src/lt_message.c:145:6:set_data_common_msg	16	static
./sources/lite-thread/src/lt_message.c:158:10:get_data_common_msg	8	static
./sources/lite-thread/src/lt_message.c:166:6:free_common_msg	8	static
./sources/lite-thread/src/lt_message.c:179:9:get_common_msg_free	0	static
./sources/lite-thread/src/lt_message.c:206:11:get_dynamic_msg	16	static
./sources/lite-thread/src/lt_message.c:239:10:get_data_dynamic_msg	8	static
./sources/lite-thread/src/lt_message.c:247:6:free_dynamic_msg	8	static
./sources/lite-thread/src/lt_message.c:263:9:get_dynamic_msg_free	0	static
./sources/lite-thread/src/lt_message.c:270:6:msg_init	8	static
./sources/lite-thread/src/lt_message.c:277:6:free_msg	0	static
./sources/lite-thread/src/lt_message.c:301:7:lt_malloc	16	static
./sources/lite-thread/src/lt_message.c:229:6:set_data_dynamic_msg	16	static
./sources/lite-thread/src/lt_message.c:320:6:lt_malloc_free	0	static
