./sources/lite-thread/src/lt_task.c:100:6:task_create	16	static
./sources/lite-thread/src/lt_task.c:110:6:task_create_table	24	static
./sources/lite-thread/src/lt_task.c:125:6:task_post	16	static
./sources/lite-thread/src/lt_task.c:158:6:task_post_pure_msg	16	static
./sources/lite-thread/src/lt_task.c:164:6:task_post_common_msg	24	static
./sources/lite-thread/src/lt_task.c:171:6:task_post_dynamic_msg	24	static
./sources/lite-thread/src/lt_task.c:178:6:task_scheduler	24	static
./sources/lite-thread/src/lt_task.c:216:6:task_polling_create	16	static
./sources/lite-thread/src/lt_task.c:52:6:task_init	8	static
./sources/lite-thread/src/lt_task.c:81:6:lt_init	8	static
./sources/lite-thread/src/lt_task.c:226:6:task_polling_create_table	24	static
./sources/lite-thread/src/lt_task.c:242:6:task_polling_run	24	static
./sources/lite-thread/src/lt_task.c:255:6:task_polling_set_ability	24	static
./sources/lite-thread/src/lt_task.c:268:6:task_init_info	24	static
./sources/lite-thread/src/lt_task.c:283:5:task_run	8	static
./sources/lite-thread/src/lt_task.c:290:12:get_current_task_info	0	static
./sources/lite-thread/src/lt_task.c:294:11:get_current_active_object	0	static
