./sources/sys/peripheral/peripheral_libraries/STM32F4xx_StdPeriph_Driver/src/stm32f4xx_rcc.c:218:6:RCC_DeInit	0	static
./sources/sys/peripheral/peripheral_libraries/STM32F4xx_StdPeriph_Driver/src/stm32f4xx_rcc.c:277:6:RCC_HSEConfig	0	static
./sources/sys/peripheral/peripheral_libraries/STM32F4xx_StdPeriph_Driver/src/stm32f4xx_rcc.c:301:13:RCC_WaitForHSEStartUp	8	static
./sources/sys/peripheral/peripheral_libraries/STM32F4xx_StdPeriph_Driver/src/stm32f4xx_rcc.c:332:6:RCC_AdjustHSICalibrationValue	0	static
./sources/sys/peripheral/peripheral_libraries/STM32F4xx_StdPeriph_Driver/src/stm32f4xx_rcc.c:368:6:RCC_HSICmd	0	static
./sources/sys/peripheral/peripheral_libraries/STM32F4xx_StdPeriph_Driver/src/stm32f4xx_rcc.c:393:6:RCC_LSEConfig	0	static
./sources/sys/peripheral/peripheral_libraries/STM32F4xx_StdPeriph_Driver/src/stm32f4xx_rcc.c:433:6:RCC_LSICmd	0	static
./sources/sys/peripheral/peripheral_libraries/STM32F4xx_StdPeriph_Driver/src/stm32f4xx_rcc.c:532:6:RCC_PLLConfig	8	static
./sources/sys/peripheral/peripheral_libraries/STM32F4xx_StdPeriph_Driver/src/stm32f4xx_rcc.c:556:6:RCC_PLLCmd	0	static
./sources/sys/peripheral/peripheral_libraries/STM32F4xx_StdPeriph_Driver/src/stm32f4xx_rcc.c:624:6:RCC_PLLI2SConfig	0	static
./sources/sys/peripheral/peripheral_libraries/STM32F4xx_StdPeriph_Driver/src/stm32f4xx_rcc.c:725:6:RCC_PLLI2SCmd	0	static
./sources/sys/peripheral/peripheral_libraries/STM32F4xx_StdPeriph_Driver/src/stm32f4xx_rcc.c:834:6:RCC_PLLSAIConfig	0	static
./sources/sys/peripheral/peripheral_libraries/STM32F4xx_StdPeriph_Driver/src/stm32f4xx_rcc.c:854:6:RCC_PLLSAICmd	0	static
./sources/sys/peripheral/peripheral_libraries/STM32F4xx_StdPeriph_Driver/src/stm32f4xx_rcc.c:872:6:RCC_ClockSecuritySystemCmd	0	static
./sources/sys/peripheral/peripheral_libraries/STM32F4xx_StdPeriph_Driver/src/stm32f4xx_rcc.c:897:6:RCC_MCO1Config	0	static
./sources/sys/peripheral/peripheral_libraries/STM32F4xx_StdPeriph_Driver/src/stm32f4xx_rcc.c:942:6:RCC_MCO2Config	0	static
./sources/sys/peripheral/peripheral_libraries/STM32F4xx_StdPeriph_Driver/src/stm32f4xx_rcc.c:1142:6:RCC_SYSCLKConfig	0	static
./sources/sys/peripheral/peripheral_libraries/STM32F4xx_StdPeriph_Driver/src/stm32f4xx_rcc.c:1171:9:RCC_GetSYSCLKSource	0	static
./sources/sys/peripheral/peripheral_libraries/STM32F4xx_StdPeriph_Driver/src/stm32f4xx_rcc.c:1196:6:RCC_HCLKConfig	0	static
./sources/sys/peripheral/peripheral_libraries/STM32F4xx_StdPeriph_Driver/src/stm32f4xx_rcc.c:1227:6:RCC_PCLK1Config	0	static
./sources/sys/peripheral/peripheral_libraries/STM32F4xx_StdPeriph_Driver/src/stm32f4xx_rcc.c:1258:6:RCC_PCLK2Config	0	static
./sources/sys/peripheral/peripheral_libraries/STM32F4xx_StdPeriph_Driver/src/stm32f4xx_rcc.c:1310:6:RCC_GetClocksFreq	8	static
./sources/sys/peripheral/peripheral_libraries/STM32F4xx_StdPeriph_Driver/src/stm32f4xx_rcc.c:1463:6:RCC_RTCCLKConfig	0	static
./sources/sys/peripheral/peripheral_libraries/STM32F4xx_StdPeriph_Driver/src/stm32f4xx_rcc.c:1495:6:RCC_RTCCLKCmd	0	static
./sources/sys/peripheral/peripheral_libraries/STM32F4xx_StdPeriph_Driver/src/stm32f4xx_rcc.c:1512:6:RCC_BackupResetCmd	0	static
./sources/sys/peripheral/peripheral_libraries/STM32F4xx_StdPeriph_Driver/src/stm32f4xx_rcc.c:1700:6:RCC_I2SCLKConfig	0	static
./sources/sys/peripheral/peripheral_libraries/STM32F4xx_StdPeriph_Driver/src/stm32f4xx_rcc.c:1796:6:RCC_SAIPLLI2SClkDivConfig	0	static
./sources/sys/peripheral/peripheral_libraries/STM32F4xx_StdPeriph_Driver/src/stm32f4xx_rcc.c:1828:6:RCC_SAIPLLSAIClkDivConfig	0	static
./sources/sys/peripheral/peripheral_libraries/STM32F4xx_StdPeriph_Driver/src/stm32f4xx_rcc.c:1927:6:RCC_LTDCCLKDivConfig	0	static
./sources/sys/peripheral/peripheral_libraries/STM32F4xx_StdPeriph_Driver/src/stm32f4xx_rcc.c:2055:6:RCC_TIMCLKPresConfig	0	static
./sources/sys/peripheral/peripheral_libraries/STM32F4xx_StdPeriph_Driver/src/stm32f4xx_rcc.c:2097:6:RCC_AHB1PeriphClockCmd	0	static
./sources/sys/peripheral/peripheral_libraries/STM32F4xx_StdPeriph_Driver/src/stm32f4xx_rcc.c:2129:6:RCC_AHB2PeriphClockCmd	0	static
./sources/sys/peripheral/peripheral_libraries/STM32F4xx_StdPeriph_Driver/src/stm32f4xx_rcc.c:2216:6:RCC_APB1PeriphClockCmd	0	static
./sources/sys/peripheral/peripheral_libraries/STM32F4xx_StdPeriph_Driver/src/stm32f4xx_rcc.c:2268:6:RCC_APB2PeriphClockCmd	0	static
./sources/sys/peripheral/peripheral_libraries/STM32F4xx_StdPeriph_Driver/src/stm32f4xx_rcc.c:2310:6:RCC_AHB1PeriphResetCmd	0	static
./sources/sys/peripheral/peripheral_libraries/STM32F4xx_StdPeriph_Driver/src/stm32f4xx_rcc.c:2339:6:RCC_AHB2PeriphResetCmd	0	static
./sources/sys/peripheral/peripheral_libraries/STM32F4xx_StdPeriph_Driver/src/stm32f4xx_rcc.c:2420:6:RCC_APB1PeriphResetCmd	0	static
./sources/sys/peripheral/peripheral_libraries/STM32F4xx_StdPeriph_Driver/src/stm32f4xx_rcc.c:2467:6:RCC_APB2PeriphResetCmd	0	static
./sources/sys/peripheral/peripheral_libraries/STM32F4xx_StdPeriph_Driver/src/stm32f4xx_rcc.c:2516:6:RCC_AHB1PeriphClockLPModeCmd	0	static
./sources/sys/peripheral/peripheral_libraries/STM32F4xx_StdPeriph_Driver/src/stm32f4xx_rcc.c:2548:6:RCC_AHB2PeriphClockLPModeCmd	0	static
./sources/sys/peripheral/peripheral_libraries/STM32F4xx_StdPeriph_Driver/src/stm32f4xx_rcc.c:2635:6:RCC_APB1PeriphClockLPModeCmd	0	static
./sources/sys/peripheral/peripheral_libraries/STM32F4xx_StdPeriph_Driver/src/stm32f4xx_rcc.c:2687:6:RCC_APB2PeriphClockLPModeCmd	0	static
./sources/sys/peripheral/peripheral_libraries/STM32F4xx_StdPeriph_Driver/src/stm32f4xx_rcc.c:2711:6:RCC_LSEModeConfig	0	static
./sources/sys/peripheral/peripheral_libraries/STM32F4xx_StdPeriph_Driver/src/stm32f4xx_rcc.c:3023:6:RCC_ITConfig	0	static
./sources/sys/peripheral/peripheral_libraries/STM32F4xx_StdPeriph_Driver/src/stm32f4xx_rcc.c:3060:12:RCC_GetFlagStatus	0	static
./sources/sys/peripheral/peripheral_libraries/STM32F4xx_StdPeriph_Driver/src/stm32f4xx_rcc.c:3105:6:RCC_ClearFlag	0	static
./sources/sys/peripheral/peripheral_libraries/STM32F4xx_StdPeriph_Driver/src/stm32f4xx_rcc.c:3125:10:RCC_GetITStatus	0	static
./sources/sys/peripheral/peripheral_libraries/STM32F4xx_StdPeriph_Driver/src/stm32f4xx_rcc.c:3159:6:RCC_ClearITPendingBit	0	static
