./sources/sys/peripheral/peripheral_libraries/STM32F4xx_StdPeriph_Driver/src/stm32f4xx_i2c.c:130:6:I2C_DeInit	8	static
./sources/sys/peripheral/peripheral_libraries/STM32F4xx_StdPeriph_Driver/src/stm32f4xx_i2c.c:173:6:I2C_Init	32	static
./sources/sys/peripheral/peripheral_libraries/STM32F4xx_StdPeriph_Driver/src/stm32f4xx_i2c.c:282:6:I2C_StructInit	0	static
./sources/sys/peripheral/peripheral_libraries/STM32F4xx_StdPeriph_Driver/src/stm32f4xx_i2c.c:306:6:I2C_Cmd	0	static
./sources/sys/peripheral/peripheral_libraries/STM32F4xx_StdPeriph_Driver/src/stm32f4xx_i2c.c:335:6:I2C_AnalogFilterCmd	0	static
./sources/sys/peripheral/peripheral_libraries/STM32F4xx_StdPeriph_Driver/src/stm32f4xx_i2c.c:364:6:I2C_DigitalFilterConfig	0	static
./sources/sys/peripheral/peripheral_libraries/STM32F4xx_StdPeriph_Driver/src/stm32f4xx_i2c.c:392:6:I2C_GenerateSTART	0	static
./sources/sys/peripheral/peripheral_libraries/STM32F4xx_StdPeriph_Driver/src/stm32f4xx_i2c.c:416:6:I2C_GenerateSTOP	0	static
./sources/sys/peripheral/peripheral_libraries/STM32F4xx_StdPeriph_Driver/src/stm32f4xx_i2c.c:444:6:I2C_Send7bitAddress	0	static
./sources/sys/peripheral/peripheral_libraries/STM32F4xx_StdPeriph_Driver/src/stm32f4xx_i2c.c:471:6:I2C_AcknowledgeConfig	0	static
./sources/sys/peripheral/peripheral_libraries/STM32F4xx_StdPeriph_Driver/src/stm32f4xx_i2c.c:494:6:I2C_OwnAddress2Config	0	static
./sources/sys/peripheral/peripheral_libraries/STM32F4xx_StdPeriph_Driver/src/stm32f4xx_i2c.c:521:6:I2C_DualAddressCmd	0	static
./sources/sys/peripheral/peripheral_libraries/STM32F4xx_StdPeriph_Driver/src/stm32f4xx_i2c.c:545:6:I2C_GeneralCallCmd	0	static
./sources/sys/peripheral/peripheral_libraries/STM32F4xx_StdPeriph_Driver/src/stm32f4xx_i2c.c:571:6:I2C_SoftwareResetCmd	0	static
./sources/sys/peripheral/peripheral_libraries/STM32F4xx_StdPeriph_Driver/src/stm32f4xx_i2c.c:595:6:I2C_StretchClockCmd	0	static
./sources/sys/peripheral/peripheral_libraries/STM32F4xx_StdPeriph_Driver/src/stm32f4xx_i2c.c:621:6:I2C_FastModeDutyCycleConfig	0	static
./sources/sys/peripheral/peripheral_libraries/STM32F4xx_StdPeriph_Driver/src/stm32f4xx_i2c.c:659:6:I2C_NACKPositionConfig	0	static
./sources/sys/peripheral/peripheral_libraries/STM32F4xx_StdPeriph_Driver/src/stm32f4xx_i2c.c:687:6:I2C_SMBusAlertConfig	0	static
./sources/sys/peripheral/peripheral_libraries/STM32F4xx_StdPeriph_Driver/src/stm32f4xx_i2c.c:711:6:I2C_ARPCmd	0	static
./sources/sys/peripheral/peripheral_libraries/STM32F4xx_StdPeriph_Driver/src/stm32f4xx_i2c.c:749:6:I2C_SendData	0	static
./sources/sys/peripheral/peripheral_libraries/STM32F4xx_StdPeriph_Driver/src/stm32f4xx_i2c.c:762:9:I2C_ReceiveData	0	static
./sources/sys/peripheral/peripheral_libraries/STM32F4xx_StdPeriph_Driver/src/stm32f4xx_i2c.c:793:6:I2C_TransmitPEC	0	static
./sources/sys/peripheral/peripheral_libraries/STM32F4xx_StdPeriph_Driver/src/stm32f4xx_i2c.c:824:6:I2C_PECPositionConfig	0	static
./sources/sys/peripheral/peripheral_libraries/STM32F4xx_StdPeriph_Driver/src/stm32f4xx_i2c.c:848:6:I2C_CalculatePEC	0	static
./sources/sys/peripheral/peripheral_libraries/STM32F4xx_StdPeriph_Driver/src/stm32f4xx_i2c.c:870:9:I2C_GetPEC	0	static
./sources/sys/peripheral/peripheral_libraries/STM32F4xx_StdPeriph_Driver/src/stm32f4xx_i2c.c:903:6:I2C_DMACmd	0	static
./sources/sys/peripheral/peripheral_libraries/STM32F4xx_StdPeriph_Driver/src/stm32f4xx_i2c.c:927:6:I2C_DMALastTransferCmd	0	static
./sources/sys/peripheral/peripheral_libraries/STM32F4xx_StdPeriph_Driver/src/stm32f4xx_i2c.c:1065:10:I2C_ReadRegister	8	static
./sources/sys/peripheral/peripheral_libraries/STM32F4xx_StdPeriph_Driver/src/stm32f4xx_i2c.c:1092:6:I2C_ITConfig	0	static
./sources/sys/peripheral/peripheral_libraries/STM32F4xx_StdPeriph_Driver/src/stm32f4xx_i2c.c:1151:13:I2C_CheckEvent	0	static
./sources/sys/peripheral/peripheral_libraries/STM32F4xx_StdPeriph_Driver/src/stm32f4xx_i2c.c:1208:10:I2C_GetLastEvent	0	static
./sources/sys/peripheral/peripheral_libraries/STM32F4xx_StdPeriph_Driver/src/stm32f4xx_i2c.c:1263:12:I2C_GetFlagStatus	8	static
./sources/sys/peripheral/peripheral_libraries/STM32F4xx_StdPeriph_Driver/src/stm32f4xx_i2c.c:1340:6:I2C_ClearFlag	0	static
./sources/sys/peripheral/peripheral_libraries/STM32F4xx_StdPeriph_Driver/src/stm32f4xx_i2c.c:1374:10:I2C_GetITStatus	0	static
./sources/sys/peripheral/peripheral_libraries/STM32F4xx_StdPeriph_Driver/src/stm32f4xx_i2c.c:1434:6:I2C_ClearITPendingBit	0	static
