./sources/sys/peripheral/peripheral_libraries/STM32F4xx_StdPeriph_Driver/src/stm32f4xx_spi.c:217:6:SPI_I2S_DeInit	8	static
./sources/sys/peripheral/peripheral_libraries/STM32F4xx_StdPeriph_Driver/src/stm32f4xx_spi.c:277:6:SPI_Init	8	static
./sources/sys/peripheral/peripheral_libraries/STM32F4xx_StdPeriph_Driver/src/stm32f4xx_spi.c:341:6:I2S_Init	20	static
./sources/sys/peripheral/peripheral_libraries/STM32F4xx_StdPeriph_Driver/src/stm32f4xx_spi.c:494:6:SPI_StructInit	0	static
./sources/sys/peripheral/peripheral_libraries/STM32F4xx_StdPeriph_Driver/src/stm32f4xx_spi.c:522:6:I2S_StructInit	0	static
./sources/sys/peripheral/peripheral_libraries/STM32F4xx_StdPeriph_Driver/src/stm32f4xx_spi.c:551:6:SPI_Cmd	0	static
./sources/sys/peripheral/peripheral_libraries/STM32F4xx_StdPeriph_Driver/src/stm32f4xx_spi.c:576:6:I2S_Cmd	0	static
./sources/sys/peripheral/peripheral_libraries/STM32F4xx_StdPeriph_Driver/src/stm32f4xx_spi.c:603:6:SPI_DataSizeConfig	0	static
./sources/sys/peripheral/peripheral_libraries/STM32F4xx_StdPeriph_Driver/src/stm32f4xx_spi.c:623:6:SPI_BiDirectionalLineConfig	0	static
./sources/sys/peripheral/peripheral_libraries/STM32F4xx_StdPeriph_Driver/src/stm32f4xx_spi.c:649:6:SPI_NSSInternalSoftwareConfig	0	static
./sources/sys/peripheral/peripheral_libraries/STM32F4xx_StdPeriph_Driver/src/stm32f4xx_spi.c:673:6:SPI_SSOutputCmd	0	static
./sources/sys/peripheral/peripheral_libraries/STM32F4xx_StdPeriph_Driver/src/stm32f4xx_spi.c:704:6:SPI_TIModeCmd	0	static
./sources/sys/peripheral/peripheral_libraries/STM32F4xx_StdPeriph_Driver/src/stm32f4xx_spi.c:741:6:I2S_FullDuplexConfig	12	static
./sources/sys/peripheral/peripheral_libraries/STM32F4xx_StdPeriph_Driver/src/stm32f4xx_spi.c:815:10:SPI_I2S_ReceiveData	0	static
./sources/sys/peripheral/peripheral_libraries/STM32F4xx_StdPeriph_Driver/src/stm32f4xx_spi.c:831:6:SPI_I2S_SendData	0	static
./sources/sys/peripheral/peripheral_libraries/STM32F4xx_StdPeriph_Driver/src/stm32f4xx_spi.c:921:6:SPI_CalculateCRC	0	static
./sources/sys/peripheral/peripheral_libraries/STM32F4xx_StdPeriph_Driver/src/stm32f4xx_spi.c:943:6:SPI_TransmitCRC	0	static
./sources/sys/peripheral/peripheral_libraries/STM32F4xx_StdPeriph_Driver/src/stm32f4xx_spi.c:961:10:SPI_GetCRC	0	static
./sources/sys/peripheral/peripheral_libraries/STM32F4xx_StdPeriph_Driver/src/stm32f4xx_spi.c:986:10:SPI_GetCRCPolynomial	0	static
./sources/sys/peripheral/peripheral_libraries/STM32F4xx_StdPeriph_Driver/src/stm32f4xx_spi.c:1023:6:SPI_I2S_DMACmd	0	static
./sources/sys/peripheral/peripheral_libraries/STM32F4xx_StdPeriph_Driver/src/stm32f4xx_spi.c:1131:6:SPI_I2S_ITConfig	0	static
./sources/sys/peripheral/peripheral_libraries/STM32F4xx_StdPeriph_Driver/src/stm32f4xx_spi.c:1175:12:SPI_I2S_GetFlagStatus	0	static
./sources/sys/peripheral/peripheral_libraries/STM32F4xx_StdPeriph_Driver/src/stm32f4xx_spi.c:1216:6:SPI_I2S_ClearFlag	0	static
./sources/sys/peripheral/peripheral_libraries/STM32F4xx_StdPeriph_Driver/src/stm32f4xx_spi.c:1241:10:SPI_I2S_GetITStatus	8	static
./sources/sys/peripheral/peripheral_libraries/STM32F4xx_StdPeriph_Driver/src/stm32f4xx_spi.c:1296:6:SPI_I2S_ClearITPendingBit	0	static
