./sources/sys/peripheral/peripheral_libraries/STM32F4xx_StdPeriph_Driver/src/stm32f4xx_usart.c:180:6:USART_DeInit	8	static
./sources/sys/peripheral/peripheral_libraries/STM32F4xx_StdPeriph_Driver/src/stm32f4xx_usart.c:239:6:USART_Init	32	static
./sources/sys/peripheral/peripheral_libraries/STM32F4xx_StdPeriph_Driver/src/stm32f4xx_usart.c:352:6:USART_StructInit	0	static
./sources/sys/peripheral/peripheral_libraries/STM32F4xx_StdPeriph_Driver/src/stm32f4xx_usart.c:372:6:USART_ClockInit	8	static
./sources/sys/peripheral/peripheral_libraries/STM32F4xx_StdPeriph_Driver/src/stm32f4xx_usart.c:403:6:USART_ClockStructInit	0	static
./sources/sys/peripheral/peripheral_libraries/STM32F4xx_StdPeriph_Driver/src/stm32f4xx_usart.c:420:6:USART_Cmd	0	static
./sources/sys/peripheral/peripheral_libraries/STM32F4xx_StdPeriph_Driver/src/stm32f4xx_usart.c:446:6:USART_SetPrescaler	0	static
./sources/sys/peripheral/peripheral_libraries/STM32F4xx_StdPeriph_Driver/src/stm32f4xx_usart.c:467:6:USART_OverSampling8Cmd	0	static
./sources/sys/peripheral/peripheral_libraries/STM32F4xx_StdPeriph_Driver/src/stm32f4xx_usart.c:493:6:USART_OneBitMethodCmd	0	static
./sources/sys/peripheral/peripheral_libraries/STM32F4xx_StdPeriph_Driver/src/stm32f4xx_usart.c:550:6:USART_SendData	0	static
./sources/sys/peripheral/peripheral_libraries/STM32F4xx_StdPeriph_Driver/src/stm32f4xx_usart.c:566:10:USART_ReceiveData	0	static
./sources/sys/peripheral/peripheral_libraries/STM32F4xx_StdPeriph_Driver/src/stm32f4xx_usart.c:618:6:USART_SetAddress	0	static
./sources/sys/peripheral/peripheral_libraries/STM32F4xx_StdPeriph_Driver/src/stm32f4xx_usart.c:638:6:USART_ReceiverWakeUpCmd	0	static
./sources/sys/peripheral/peripheral_libraries/STM32F4xx_StdPeriph_Driver/src/stm32f4xx_usart.c:665:6:USART_WakeUpConfig	0	static
./sources/sys/peripheral/peripheral_libraries/STM32F4xx_StdPeriph_Driver/src/stm32f4xx_usart.c:734:6:USART_LINBreakDetectLengthConfig	0	static
./sources/sys/peripheral/peripheral_libraries/STM32F4xx_StdPeriph_Driver/src/stm32f4xx_usart.c:752:6:USART_LINCmd	0	static
./sources/sys/peripheral/peripheral_libraries/STM32F4xx_StdPeriph_Driver/src/stm32f4xx_usart.c:776:6:USART_SendBreak	0	static
./sources/sys/peripheral/peripheral_libraries/STM32F4xx_StdPeriph_Driver/src/stm32f4xx_usart.c:829:6:USART_HalfDuplexCmd	0	static
./sources/sys/peripheral/peripheral_libraries/STM32F4xx_StdPeriph_Driver/src/stm32f4xx_usart.c:913:6:USART_SetGuardTime	0	static
./sources/sys/peripheral/peripheral_libraries/STM32F4xx_StdPeriph_Driver/src/stm32f4xx_usart.c:932:6:USART_SmartCardCmd	0	static
./sources/sys/peripheral/peripheral_libraries/STM32F4xx_StdPeriph_Driver/src/stm32f4xx_usart.c:957:6:USART_SmartCardNACKCmd	0	static
./sources/sys/peripheral/peripheral_libraries/STM32F4xx_StdPeriph_Driver/src/stm32f4xx_usart.c:1028:6:USART_IrDAConfig	0	static
./sources/sys/peripheral/peripheral_libraries/STM32F4xx_StdPeriph_Driver/src/stm32f4xx_usart.c:1046:6:USART_IrDACmd	0	static
./sources/sys/peripheral/peripheral_libraries/STM32F4xx_StdPeriph_Driver/src/stm32f4xx_usart.c:1092:6:USART_DMACmd	0	static
./sources/sys/peripheral/peripheral_libraries/STM32F4xx_StdPeriph_Driver/src/stm32f4xx_usart.c:1224:6:USART_ITConfig	8	static
./sources/sys/peripheral/peripheral_libraries/STM32F4xx_StdPeriph_Driver/src/stm32f4xx_usart.c:1288:12:USART_GetFlagStatus	0	static
./sources/sys/peripheral/peripheral_libraries/STM32F4xx_StdPeriph_Driver/src/stm32f4xx_usart.c:1337:6:USART_ClearFlag	0	static
./sources/sys/peripheral/peripheral_libraries/STM32F4xx_StdPeriph_Driver/src/stm32f4xx_usart.c:1371:10:USART_GetITStatus	8	static
./sources/sys/peripheral/peripheral_libraries/STM32F4xx_StdPeriph_Driver/src/stm32f4xx_usart.c:1445:6:USART_ClearITPendingBit	0	static
