./sources/sys/peripheral/peripheral_libraries/STM32F4xx_StdPeriph_Driver/src/stm32f4xx_tim.c:3197:13:TI1_Config	12	static
./sources/sys/peripheral/peripheral_libraries/STM32F4xx_StdPeriph_Driver/src/stm32f4xx_tim.c:3238:13:TI2_Config	16	static
./sources/sys/peripheral/peripheral_libraries/STM32F4xx_StdPeriph_Driver/src/stm32f4xx_tim.c:193:6:TIM_DeInit	8	static
./sources/sys/peripheral/peripheral_libraries/STM32F4xx_StdPeriph_Driver/src/stm32f4xx_tim.c:281:6:TIM_TimeBaseInit	0	static
./sources/sys/peripheral/peripheral_libraries/STM32F4xx_StdPeriph_Driver/src/stm32f4xx_tim.c:333:6:TIM_TimeBaseStructInit	0	static
./sources/sys/peripheral/peripheral_libraries/STM32F4xx_StdPeriph_Driver/src/stm32f4xx_tim.c:353:6:TIM_PrescalerConfig	0	static
./sources/sys/peripheral/peripheral_libraries/STM32F4xx_StdPeriph_Driver/src/stm32f4xx_tim.c:376:6:TIM_CounterModeConfig	0	static
./sources/sys/peripheral/peripheral_libraries/STM32F4xx_StdPeriph_Driver/src/stm32f4xx_tim.c:402:6:TIM_SetCounter	0	static
./sources/sys/peripheral/peripheral_libraries/STM32F4xx_StdPeriph_Driver/src/stm32f4xx_tim.c:417:6:TIM_SetAutoreload	0	static
./sources/sys/peripheral/peripheral_libraries/STM32F4xx_StdPeriph_Driver/src/stm32f4xx_tim.c:431:10:TIM_GetCounter	0	static
./sources/sys/peripheral/peripheral_libraries/STM32F4xx_StdPeriph_Driver/src/stm32f4xx_tim.c:445:10:TIM_GetPrescaler	0	static
./sources/sys/peripheral/peripheral_libraries/STM32F4xx_StdPeriph_Driver/src/stm32f4xx_tim.c:461:6:TIM_UpdateDisableConfig	0	static
./sources/sys/peripheral/peripheral_libraries/STM32F4xx_StdPeriph_Driver/src/stm32f4xx_tim.c:490:6:TIM_UpdateRequestConfig	0	static
./sources/sys/peripheral/peripheral_libraries/STM32F4xx_StdPeriph_Driver/src/stm32f4xx_tim.c:515:6:TIM_ARRPreloadConfig	0	static
./sources/sys/peripheral/peripheral_libraries/STM32F4xx_StdPeriph_Driver/src/stm32f4xx_tim.c:542:6:TIM_SelectOnePulseMode	0	static
./sources/sys/peripheral/peripheral_libraries/STM32F4xx_StdPeriph_Driver/src/stm32f4xx_tim.c:565:6:TIM_SetClockDivision	0	static
./sources/sys/peripheral/peripheral_libraries/STM32F4xx_StdPeriph_Driver/src/stm32f4xx_tim.c:585:6:TIM_Cmd	0	static
./sources/sys/peripheral/peripheral_libraries/STM32F4xx_StdPeriph_Driver/src/stm32f4xx_tim.c:666:6:TIM_OC1Init	16	static
./sources/sys/peripheral/peripheral_libraries/STM32F4xx_StdPeriph_Driver/src/stm32f4xx_tim.c:747:6:TIM_OC2Init	16	static
./sources/sys/peripheral/peripheral_libraries/STM32F4xx_StdPeriph_Driver/src/stm32f4xx_tim.c:828:6:TIM_OC3Init	16	static
./sources/sys/peripheral/peripheral_libraries/STM32F4xx_StdPeriph_Driver/src/stm32f4xx_tim.c:908:6:TIM_OC4Init	16	static
./sources/sys/peripheral/peripheral_libraries/STM32F4xx_StdPeriph_Driver/src/stm32f4xx_tim.c:971:6:TIM_OCStructInit	0	static
./sources/sys/peripheral/peripheral_libraries/STM32F4xx_StdPeriph_Driver/src/stm32f4xx_tim.c:1007:6:TIM_SelectOCxM	12	static
./sources/sys/peripheral/peripheral_libraries/STM32F4xx_StdPeriph_Driver/src/stm32f4xx_tim.c:1053:6:TIM_SetCompare1	0	static
./sources/sys/peripheral/peripheral_libraries/STM32F4xx_StdPeriph_Driver/src/stm32f4xx_tim.c:1069:6:TIM_SetCompare2	0	static
./sources/sys/peripheral/peripheral_libraries/STM32F4xx_StdPeriph_Driver/src/stm32f4xx_tim.c:1084:6:TIM_SetCompare3	0	static
./sources/sys/peripheral/peripheral_libraries/STM32F4xx_StdPeriph_Driver/src/stm32f4xx_tim.c:1099:6:TIM_SetCompare4	0	static
./sources/sys/peripheral/peripheral_libraries/STM32F4xx_StdPeriph_Driver/src/stm32f4xx_tim.c:1117:6:TIM_ForcedOC1Config	0	static
./sources/sys/peripheral/peripheral_libraries/STM32F4xx_StdPeriph_Driver/src/stm32f4xx_tim.c:1146:6:TIM_ForcedOC2Config	0	static
./sources/sys/peripheral/peripheral_libraries/STM32F4xx_StdPeriph_Driver/src/stm32f4xx_tim.c:1174:6:TIM_ForcedOC3Config	0	static
./sources/sys/peripheral/peripheral_libraries/STM32F4xx_StdPeriph_Driver/src/stm32f4xx_tim.c:1203:6:TIM_ForcedOC4Config	0	static
./sources/sys/peripheral/peripheral_libraries/STM32F4xx_StdPeriph_Driver/src/stm32f4xx_tim.c:1231:6:TIM_OC1PreloadConfig	0	static
./sources/sys/peripheral/peripheral_libraries/STM32F4xx_StdPeriph_Driver/src/stm32f4xx_tim.c:1261:6:TIM_OC2PreloadConfig	0	static
./sources/sys/peripheral/peripheral_libraries/STM32F4xx_StdPeriph_Driver/src/stm32f4xx_tim.c:1290:6:TIM_OC3PreloadConfig	0	static
./sources/sys/peripheral/peripheral_libraries/STM32F4xx_StdPeriph_Driver/src/stm32f4xx_tim.c:1319:6:TIM_OC4PreloadConfig	0	static
./sources/sys/peripheral/peripheral_libraries/STM32F4xx_StdPeriph_Driver/src/stm32f4xx_tim.c:1348:6:TIM_OC1FastConfig	0	static
./sources/sys/peripheral/peripheral_libraries/STM32F4xx_StdPeriph_Driver/src/stm32f4xx_tim.c:1379:6:TIM_OC2FastConfig	0	static
./sources/sys/peripheral/peripheral_libraries/STM32F4xx_StdPeriph_Driver/src/stm32f4xx_tim.c:1409:6:TIM_OC3FastConfig	0	static
./sources/sys/peripheral/peripheral_libraries/STM32F4xx_StdPeriph_Driver/src/stm32f4xx_tim.c:1439:6:TIM_OC4FastConfig	0	static
./sources/sys/peripheral/peripheral_libraries/STM32F4xx_StdPeriph_Driver/src/stm32f4xx_tim.c:1469:6:TIM_ClearOC1Ref	0	static
./sources/sys/peripheral/peripheral_libraries/STM32F4xx_StdPeriph_Driver/src/stm32f4xx_tim.c:1499:6:TIM_ClearOC2Ref	0	static
./sources/sys/peripheral/peripheral_libraries/STM32F4xx_StdPeriph_Driver/src/stm32f4xx_tim.c:1528:6:TIM_ClearOC3Ref	0	static
./sources/sys/peripheral/peripheral_libraries/STM32F4xx_StdPeriph_Driver/src/stm32f4xx_tim.c:1557:6:TIM_ClearOC4Ref	0	static
./sources/sys/peripheral/peripheral_libraries/STM32F4xx_StdPeriph_Driver/src/stm32f4xx_tim.c:1586:6:TIM_OC1PolarityConfig	0	static
./sources/sys/peripheral/peripheral_libraries/STM32F4xx_StdPeriph_Driver/src/stm32f4xx_tim.c:1613:6:TIM_OC1NPolarityConfig	0	static
./sources/sys/peripheral/peripheral_libraries/STM32F4xx_StdPeriph_Driver/src/stm32f4xx_tim.c:1640:6:TIM_OC2PolarityConfig	0	static
./sources/sys/peripheral/peripheral_libraries/STM32F4xx_StdPeriph_Driver/src/stm32f4xx_tim.c:1667:6:TIM_OC2NPolarityConfig	0	static
./sources/sys/peripheral/peripheral_libraries/STM32F4xx_StdPeriph_Driver/src/stm32f4xx_tim.c:1694:6:TIM_OC3PolarityConfig	0	static
./sources/sys/peripheral/peripheral_libraries/STM32F4xx_StdPeriph_Driver/src/stm32f4xx_tim.c:1721:6:TIM_OC3NPolarityConfig	0	static
./sources/sys/peripheral/peripheral_libraries/STM32F4xx_StdPeriph_Driver/src/stm32f4xx_tim.c:1748:6:TIM_OC4PolarityConfig	0	static
./sources/sys/peripheral/peripheral_libraries/STM32F4xx_StdPeriph_Driver/src/stm32f4xx_tim.c:1779:6:TIM_CCxCmd	8	static
./sources/sys/peripheral/peripheral_libraries/STM32F4xx_StdPeriph_Driver/src/stm32f4xx_tim.c:1809:6:TIM_CCxNCmd	8	static
./sources/sys/peripheral/peripheral_libraries/STM32F4xx_StdPeriph_Driver/src/stm32f4xx_tim.c:1949:6:TIM_ICStructInit	0	static
./sources/sys/peripheral/peripheral_libraries/STM32F4xx_StdPeriph_Driver/src/stm32f4xx_tim.c:2025:10:TIM_GetCapture1	0	static
./sources/sys/peripheral/peripheral_libraries/STM32F4xx_StdPeriph_Driver/src/stm32f4xx_tim.c:2040:10:TIM_GetCapture2	0	static
./sources/sys/peripheral/peripheral_libraries/STM32F4xx_StdPeriph_Driver/src/stm32f4xx_tim.c:2054:10:TIM_GetCapture3	0	static
./sources/sys/peripheral/peripheral_libraries/STM32F4xx_StdPeriph_Driver/src/stm32f4xx_tim.c:2068:10:TIM_GetCapture4	0	static
./sources/sys/peripheral/peripheral_libraries/STM32F4xx_StdPeriph_Driver/src/stm32f4xx_tim.c:2088:6:TIM_SetIC1Prescaler	0	static
./sources/sys/peripheral/peripheral_libraries/STM32F4xx_StdPeriph_Driver/src/stm32f4xx_tim.c:2113:6:TIM_SetIC2Prescaler	0	static
./sources/sys/peripheral/peripheral_libraries/STM32F4xx_StdPeriph_Driver/src/stm32f4xx_tim.c:1968:6:TIM_PWMIConfig	24	static
./sources/sys/peripheral/peripheral_libraries/STM32F4xx_StdPeriph_Driver/src/stm32f4xx_tim.c:2137:6:TIM_SetIC3Prescaler	0	static
./sources/sys/peripheral/peripheral_libraries/STM32F4xx_StdPeriph_Driver/src/stm32f4xx_tim.c:2161:6:TIM_SetIC4Prescaler	0	static
./sources/sys/peripheral/peripheral_libraries/STM32F4xx_StdPeriph_Driver/src/stm32f4xx_tim.c:1893:6:TIM_ICInit	24	static
./sources/sys/peripheral/peripheral_libraries/STM32F4xx_StdPeriph_Driver/src/stm32f4xx_tim.c:2214:6:TIM_BDTRConfig	0	static
./sources/sys/peripheral/peripheral_libraries/STM32F4xx_StdPeriph_Driver/src/stm32f4xx_tim.c:2239:6:TIM_BDTRStructInit	0	static
./sources/sys/peripheral/peripheral_libraries/STM32F4xx_StdPeriph_Driver/src/stm32f4xx_tim.c:2258:6:TIM_CtrlPWMOutputs	0	static
./sources/sys/peripheral/peripheral_libraries/STM32F4xx_StdPeriph_Driver/src/stm32f4xx_tim.c:2283:6:TIM_SelectCOM	0	static
./sources/sys/peripheral/peripheral_libraries/STM32F4xx_StdPeriph_Driver/src/stm32f4xx_tim.c:2308:6:TIM_CCPreloadControl	0	static
./sources/sys/peripheral/peripheral_libraries/STM32F4xx_StdPeriph_Driver/src/stm32f4xx_tim.c:2365:6:TIM_ITConfig	0	static
./sources/sys/peripheral/peripheral_libraries/STM32F4xx_StdPeriph_Driver/src/stm32f4xx_tim.c:2403:6:TIM_GenerateEvent	0	static
./sources/sys/peripheral/peripheral_libraries/STM32F4xx_StdPeriph_Driver/src/stm32f4xx_tim.c:2436:12:TIM_GetFlagStatus	0	static
./sources/sys/peripheral/peripheral_libraries/STM32F4xx_StdPeriph_Driver/src/stm32f4xx_tim.c:2478:6:TIM_ClearFlag	0	static
./sources/sys/peripheral/peripheral_libraries/STM32F4xx_StdPeriph_Driver/src/stm32f4xx_tim.c:2506:10:TIM_GetITStatus	0	static
./sources/sys/peripheral/peripheral_libraries/STM32F4xx_StdPeriph_Driver/src/stm32f4xx_tim.c:2547:6:TIM_ClearITPendingBit	0	static
./sources/sys/peripheral/peripheral_libraries/STM32F4xx_StdPeriph_Driver/src/stm32f4xx_tim.c:2584:6:TIM_DMAConfig	0	static
./sources/sys/peripheral/peripheral_libraries/STM32F4xx_StdPeriph_Driver/src/stm32f4xx_tim.c:2611:6:TIM_DMACmd	0	static
./sources/sys/peripheral/peripheral_libraries/STM32F4xx_StdPeriph_Driver/src/stm32f4xx_tim.c:2637:6:TIM_SelectCCDMA	0	static
./sources/sys/peripheral/peripheral_libraries/STM32F4xx_StdPeriph_Driver/src/stm32f4xx_tim.c:2676:6:TIM_InternalClockConfig	0	static
./sources/sys/peripheral/peripheral_libraries/STM32F4xx_StdPeriph_Driver/src/stm32f4xx_tim.c:2697:6:TIM_ITRxExternalClockConfig	0	static
./sources/sys/peripheral/peripheral_libraries/STM32F4xx_StdPeriph_Driver/src/stm32f4xx_tim.c:2727:6:TIM_TIxExternalClockConfig	16	static
./sources/sys/peripheral/peripheral_libraries/STM32F4xx_StdPeriph_Driver/src/stm32f4xx_tim.c:2885:6:TIM_SelectInputTrigger	0	static
./sources/sys/peripheral/peripheral_libraries/STM32F4xx_StdPeriph_Driver/src/stm32f4xx_tim.c:2928:6:TIM_SelectOutputTrigger	0	static
./sources/sys/peripheral/peripheral_libraries/STM32F4xx_StdPeriph_Driver/src/stm32f4xx_tim.c:2952:6:TIM_SelectSlaveMode	0	static
./sources/sys/peripheral/peripheral_libraries/STM32F4xx_StdPeriph_Driver/src/stm32f4xx_tim.c:2975:6:TIM_SelectMasterSlaveMode	0	static
./sources/sys/peripheral/peripheral_libraries/STM32F4xx_StdPeriph_Driver/src/stm32f4xx_tim.c:3005:6:TIM_ETRConfig	8	static
./sources/sys/peripheral/peripheral_libraries/STM32F4xx_StdPeriph_Driver/src/stm32f4xx_tim.c:2767:6:TIM_ETRClockMode1Config	8	static
./sources/sys/peripheral/peripheral_libraries/STM32F4xx_StdPeriph_Driver/src/stm32f4xx_tim.c:2814:6:TIM_ETRClockMode2Config	8	static
./sources/sys/peripheral/peripheral_libraries/STM32F4xx_StdPeriph_Driver/src/stm32f4xx_tim.c:3063:6:TIM_EncoderInterfaceConfig	16	static
./sources/sys/peripheral/peripheral_libraries/STM32F4xx_StdPeriph_Driver/src/stm32f4xx_tim.c:3115:6:TIM_SelectHallSensor	0	static
./sources/sys/peripheral/peripheral_libraries/STM32F4xx_StdPeriph_Driver/src/stm32f4xx_tim.c:3166:6:TIM_RemapConfig	0	static
